// Jest Snapshot v1, https://goo.gl/fbAQLP

exports[`<ContentWrapper  /> should match snapshot 1`] = `
<div
  class="MuiContainer-root MuiContainer-maxWidthSm css-cuefkz-MuiContainer-root"
>
  Hello World
</div>
`;
