// Jest Snapshot v1, https://goo.gl/fbAQLP

exports[`<ControlledInputDate /> should match snapshot 1`] = `
<div
  class="MuiFormControl-root MuiFormControl-marginNormal MuiFormControl-fullWidth MuiTextField-root css-17vbkzs-MuiFormControl-root-MuiTextField-root"
>
  <label
    class="MuiFormLabel-root MuiInputLabel-root MuiInputLabel-formControl MuiInputLabel-animated MuiInputLabel-outlined MuiFormLabel-colorPrimary MuiInputLabel-root MuiInputLabel-formControl MuiInputLabel-animated MuiInputLabel-outlined css-14s5rfu-MuiFormLabel-root-MuiInputLabel-root"
    data-shrink="false"
    for=""
  >
    Input Test
  </label>
  <div
    class="MuiInputBase-root MuiOutlinedInput-root MuiInputBase-colorPrimary MuiInputBase-fullWidth MuiInputBase-formControl MuiInputBase-adornedEnd css-154xyx0-MuiInputBase-root-MuiOutlinedInput-root"
  >
    <input
      aria-invalid="false"
      autocomplete="off"
      class="MuiInputBase-input MuiOutlinedInput-input MuiInputBase-inputAdornedEnd css-nxo287-MuiInputBase-input-MuiOutlinedInput-input"
      data-testid=""
      id=""
      inputmode="text"
      name="test"
      placeholder="⁦⁨MM⁩ / ⁨DD⁩ / ⁨YYYY⁩⁩"
      type="text"
      value=""
    />
    <div
      class="MuiInputAdornment-root MuiInputAdornment-positionEnd MuiInputAdornment-outlined MuiInputAdornment-sizeMedium css-1laqsz7-MuiInputAdornment-root"
    >
      <button
        aria-label="Choose date"
        class="MuiButtonBase-root MuiIconButton-root MuiIconButton-edgeEnd MuiIconButton-sizeMedium css-1yq5fb3-MuiButtonBase-root-MuiIconButton-root"
        tabindex="0"
        type="button"
      >
        <svg
          aria-hidden="true"
          class="MuiSvgIcon-root MuiSvgIcon-fontSizeMedium css-i4bv87-MuiSvgIcon-root"
          data-testid="CalendarIcon"
          focusable="false"
          viewBox="0 0 24 24"
        >
          <path
            d="M17 12h-5v5h5v-5zM16 1v2H8V1H6v2H5c-1.11 0-1.99.9-1.99 2L3 19c0 1.1.89 2 2 2h14c1.1 0 2-.9 2-2V5c0-1.1-.9-2-2-2h-1V1h-2zm3 18H5V8h14v11z"
          />
        </svg>
        <span
          class="MuiTouchRipple-root css-8je8zh-MuiTouchRipple-root"
        />
      </button>
    </div>
    <fieldset
      aria-hidden="true"
      class="MuiOutlinedInput-notchedOutline css-1d3z3hw-MuiOutlinedInput-notchedOutline"
    >
      <legend
        class="css-yjsfm1"
      >
        <span>
          Input Test
        </span>
      </legend>
    </fieldset>
  </div>
</div>
`;
