// Jest Snapshot v1, https://goo.gl/fbAQLP

exports[`<ControlledInputText /> should match snapshot 1`] = `
<div
  class="MuiFormControl-root MuiFormControl-marginNormal MuiFormControl-fullWidth MuiTextField-root css-17vbkzs-MuiFormControl-root-MuiTextField-root"
>
  <label
    class="MuiFormLabel-root MuiInputLabel-root MuiInputLabel-formControl MuiInputLabel-animated MuiInputLabel-outlined MuiFormLabel-colorPrimary MuiInputLabel-root MuiInputLabel-formControl MuiInputLabel-animated MuiInputLabel-outlined css-14s5rfu-MuiFormLabel-root-MuiInputLabel-root"
    data-shrink="false"
    for=""
  >
    Input Test
  </label>
  <div
    class="MuiInputBase-root MuiOutlinedInput-root MuiInputBase-colorPrimary MuiInputBase-fullWidth MuiInputBase-formControl css-md26zr-MuiInputBase-root-MuiOutlinedInput-root"
  >
    <input
      aria-invalid="false"
      autocomplete="off"
      class="MuiInputBase-input MuiOutlinedInput-input css-1t8l2tu-MuiInputBase-input-MuiOutlinedInput-input"
      data-testid=""
      id=""
      name="test"
      type="text"
      value=""
    />
    <fieldset
      aria-hidden="true"
      class="MuiOutlinedInput-notchedOutline css-1d3z3hw-MuiOutlinedInput-notchedOutline"
    >
      <legend
        class="css-yjsfm1"
      >
        <span>
          Input Test
        </span>
      </legend>
    </fieldset>
  </div>
</div>
`;
